<html>
<body>
<pre>
<h1>µVision Build Log</h1>
<h2>Tool Versions:</h2>
IDE-Version: µVision V5.15
Copyright (C) 2015 ARM Ltd and ARM Germany GmbH. All rights reserved.
License Information: 1 1, 1, LIC=----
 
Tool Versions:
Toolchain:       MDK-Lite  Version: 5.15.0
Toolchain Path:  D:\2\ARM\ARMCC\Bin
C Compiler:      Armcc.exe V5.05 update 2 (build 169)
Assembler:       Armasm.exe V5.05 update 2 (build 169)
Linker/Locator:  ArmLink.exe V5.05 update 2 (build 169)
Library Manager: ArmAr.exe V5.05 update 2 (build 169)
Hex Converter:   FromElf.exe V5.05 update 2 (build 169)
CPU DLL:         SARMCM3.DLL V5.15.0
Dialog DLL:      DCM.DLL V1.13.2.0
Target DLL:      STLink\ST-LINKIII-KEIL_SWO.dll V2.0.15.0_KEIL
Dialog DLL:      TCM.DLL V1.14.5.0
 
<h2>Project:</h2>
D:\ALL_PROJ\NTERRUPT_TRY\DISPLAY_MT\MT_DISPLAY_ON_HAL\MDK-ARM\DISPLAY_MT.uvprojx
Project File Date:  01/08/2016

<h2>Output:</h2>
*** Using Compiler 'V5.05 update 2 (build 169)', folder: 'D:\2\ARM\ARMCC\Bin'
Build target 'DISPLAY_MT Configuration'
compiling main.c...
..\Src\main.c(84): warning:  #223-D: function "lcd_fillL" declared implicitly
        lcd_fillL();
..\Src\main.c(85): warning:  #223-D: function "delay" declared implicitly
        delay(0xFF);
..\Src\main.c(86): warning:  #223-D: function "lcd_clearL" declared implicitly
        lcd_clearL();
..\Src\main.c(88): warning:  #223-D: function "lcd_fillR" declared implicitly
        lcd_fillR();
..\Src\main.c(90): warning:  #223-D: function "lcd_clearR" declared implicitly
        lcd_clearR();
..\Src\main.c(92): warning:  #223-D: function "set_xL" declared implicitly
        set_xL(0);
..\Src\main.c(93): warning:  #223-D: function "set_yL" declared implicitly
        set_yL(0);
..\Src\main.c(103): warning:  #223-D: function "set_xR" declared implicitly
        set_xR(0);
..\Src\main.c(104): warning:  #223-D: function "set_yR" declared implicitly
        set_yR(0);
..\Src\main.c(112): warning:  #223-D: function "vivod" declared implicitly
                         vivod(1,0,0, "1");
..\Src\main.c(133): warning:  #223-D: function "vivod" declared implicitly
                         vivod(1,0,0,"9");
..\Src\main.c(154): warning:  #223-D: function "vivod" declared implicitly
                         vivod(1,0,0,"17");
..\Src\main.c: 12 warnings, 0 errors
linking...
Program Size: Code=5716 RO-data=816 RW-data=28 ZI-data=1268  
"DISPLAY_MT Configuration\DISPLAY_MT Configuration.axf" - 0 Error(s), 12 Warning(s).

<h2>Collection of Component include folders:</h2>
  D:\ALL_PROJ\NTERRUPT_TRY\DISPLAY_MT\MT_DISPLAY_ON_HAL\MDK-ARM\RTE
  D:\2\ARM\PACK\Keil\STM32F1xx_DFP\1.1.0\Device\Include

<h2>Collection of Component Files used:</h2>
</pre>
</body>
</html>
